
> vdbas-exp-fe@1.0.0 dev:mock
> vite --mode mock

(node:28490) [DEP0205] DeprecationWarning: `module.register()` is deprecated. Use `module.registerHooks()` instead.
(Use `node --trace-deprecation ...` to show where the warning was created)

  VITE v8.0.13   mock   ready in 629 ms

  ➜  Local:   http://localhost:3003/
  ➜  Network: use --host to expose
9:18:24 AM [vite] (client) hmr update /src/App.tsx, /src/index.css
9:18:24 AM [vite] (client) [Unhandled error] ReferenceError: renderContent is not defined
 > App src/App.tsx:129:11
    127 |            }}
    128 |          >
    129 |            {renderContent(currentPath)}
        |             ^
    130 |          </Content>
    131 |        </Layout>
 > Object.react_stack_bottom_frame node_modules/react-dom/cjs/react-dom-client.development.js:25904:19
 > renderWithHooks node_modules/react-dom/cjs/react-dom-client.development.js:7662:21
 > updateFunctionComponent node_modules/react-dom/cjs/react-dom-client.development.js:10166:18
 > beginWork node_modules/react-dom/cjs/react-dom-client.development.js:11778:17
 > runWithFiberInDEV node_modules/react-dom/cjs/react-dom-client.development.js:871:29
 > performUnitOfWork node_modules/react-dom/cjs/react-dom-client.development.js:17641:21
 > workLoopSync node_modules/react-dom/cjs/react-dom-client.development.js:17469:40
 > renderRootSync node_modules/react-dom/cjs/react-dom-client.development.js:17450:10
 > performWorkOnRoot node_modules/react-dom/cjs/react-dom-client.development.js:16583:34

9:18:24 AM [vite] (client) [console.warn] An error occurred in the <App> component.

Consider adding an error boundary to your tree to customize error handling behavior.
Visit https://react.dev/link/error-boundaries to learn more about error boundaries.

9:18:28 AM [vite] (client) hmr update /src/App.tsx, /src/index.css
9:18:28 AM [vite] (client) [Unhandled error] ReferenceError: renderContent is not defined
 > App src/App.tsx:130:11
    128 |            }}
    129 |          >
    130 |            {renderContent(currentPath)}
        |             ^
    131 |          </Content>
    132 |        </Layout>
 > Object.react_stack_bottom_frame node_modules/react-dom/cjs/react-dom-client.development.js:25904:19
 > renderWithHooks node_modules/react-dom/cjs/react-dom-client.development.js:7662:21
 > updateFunctionComponent node_modules/react-dom/cjs/react-dom-client.development.js:10166:18
 > beginWork node_modules/react-dom/cjs/react-dom-client.development.js:11778:17
 > runWithFiberInDEV node_modules/react-dom/cjs/react-dom-client.development.js:871:29
 > performUnitOfWork node_modules/react-dom/cjs/react-dom-client.development.js:17641:21
 > workLoopSync node_modules/react-dom/cjs/react-dom-client.development.js:17469:40
 > renderRootSync node_modules/react-dom/cjs/react-dom-client.development.js:17450:10
 > performWorkOnRoot node_modules/react-dom/cjs/react-dom-client.development.js:16583:34

9:18:28 AM [vite] (client) [console.warn] An error occurred in the <App> component.

Consider adding an error boundary to your tree to customize error handling behavior.
Visit https://react.dev/link/error-boundaries to learn more about error boundaries.

9:18:33 AM [vite] (client) hmr update /src/App.tsx, /src/index.css
9:18:36 AM [vite] (client) hmr update /src/App.tsx, /src/index.css
9:18:39 AM [vite] (client) hmr update /src/App.tsx, /src/index.css
9:18:44 AM [vite] (client) hmr update /src/index.css, /src/pages/FormList.tsx
9:18:48 AM [vite] (client) hmr update /src/index.css, /src/pages/FormList.tsx
9:18:59 AM [vite] (client) hmr update /src/index.css, /src/pages/FormList.tsx
9:19:04 AM [vite] (client) hmr update /src/index.css, /src/pages/FormList.tsx
9:19:08 AM [vite] (client) hmr update /src/index.css, /src/pages/FormList.tsx
9:19:14 AM [vite] (client) hmr update /src/index.css, /src/pages/FormList.tsx
9:19:18 AM [vite] (client) hmr update /src/index.css, /src/pages/FormDetail.tsx
9:19:24 AM [vite] (client) hmr update /src/index.css, /src/pages/FormDetail.tsx
11:04:41 AM [vite] (client) page reload layout/form_list.html
11:04:46 AM [vite] (client) page reload layout/form_detail.html
11:04:49 AM [vite] (client) page reload layout/form_detail.html
11:04:54 AM [vite] (client) page reload layout/form_detail.html
11:04:58 AM [vite] (client) page reload layout/form_detail.html
11:05:02 AM [vite] (client) page reload layout/form_detail.html
11:05:06 AM [vite] (client) page reload layout/form_detail.html
11:05:10 AM [vite] (client) page reload layout/form_detail.html
11:05:14 AM [vite] (client) page reload layout/form_detail.html
11:05:18 AM [vite] (client) page reload layout/form_detail.html
11:05:21 AM [vite] (client) page reload layout/form_detail.html
11:05:27 AM [vite] (client) page reload layout/form_detail.html
11:05:30 AM [vite] (client) page reload layout/form_detail.html
11:05:37 AM [vite] (client) page reload layout/form_detail.html
